// Jest Snapshot v1, https://goo.gl/fbAQLP

exports[`should render DraggableDialog 1`] = `ShallowWrapper {}`;
