// Jest Snapshot v1, https://goo.gl/fbAQLP

exports[`Gifts List  should be rendered 1`] = `ShallowWrapper {}`;
