// Jest Snapshot v1, https://goo.gl/fbAQLP

exports[`Gift Received  should be rendered 1`] = `ShallowWrapper {}`;
