// Jest Snapshot v1, https://goo.gl/fbAQLP

exports[`Gifts Send  should be rendered 1`] = `ShallowWrapper {}`;
