// Jest Snapshot v1, https://goo.gl/fbAQLP

exports[`InputTypeComponent should render InputTypeComponent 1`] = `ShallowWrapper {}`;
