// Jest Snapshot v1, https://goo.gl/fbAQLP

exports[`Snackbar should render Snackbar 1`] = `ShallowWrapper {}`;
