// Jest Snapshot v1, https://goo.gl/fbAQLP

exports[`Header Container  should render Header 1`] = `ShallowWrapper {}`;
