// Jest Snapshot v1, https://goo.gl/fbAQLP

exports[`Gift Send Container  shoiuld render 1`] = `ShallowWrapper {}`;
