// Jest Snapshot v1, https://goo.gl/fbAQLP

exports[`Gift Received Container  shoiuld render 1`] = `ShallowWrapper {}`;
